// Jest Snapshot v1, https://goo.gl/fbAQLP

exports[`ref serialize 1`] = `
Object {
  "id": "object1",
  "ref": "object2",
}
`;
